eeschema (2012-01-19 BZR 3256)-stable  >> Creation date: 12-8-2012 4:27:26

#Cmp ( volgorde = Referentie )
| C1         10nF        
| C2         10nF        
| C3         10nF        
| C4         10nF        
| C5         10nF        
| C6         10nF        
| C7         10nF        
| C8         10nF        
| F1         240V/16A    
| P1         MAINS       
| P2         LOAD1       
| P3         LOAD2       
| P4         LOAD3       
| P5         LOAD4       
| P6         LOAD5       
| P7         LOAD6       
| P8         LOAD6       
| P9         LOAD8       
| R1         330R        
| R2         330R        
| R3         330R        
| R4         330R        
| R5         330R        
| R6         330R        
| R7         330R        
| R8         330R        
| R9         360R        
| R10        360R        
| R11        360R        
| R12        360R        
| R13        360R        
| R14        360R        
| R15        360R        
| R16        360R        
| R17        330R        
| R18        330R        
| R19        330R        
| R20        330R        
| R21        330R        
| R22        330R        
| R23        330R        
| R24        330R        
| R25        360R        
| R26        360R        
| R27        360R        
| R28        360R        
| R29        360R        
| R30        360R        
| R31        360R        
| R32        360R        
| U1         74LS595     
| U2         MOC3042M    
| U3         MOC3042M    
| U4         MOC3042M    
| U5         MOC3042M    
| U6         BTA316X-600E
| U7         BTA316X-600E
| U8         BTA316X-600E
| U9         BTA316X-600E
| U14        MOC3042M    
| U15        MOC3042M    
| U16        MOC3042M    
| U17        MOC3042M    
| U18        BTA316X-600E
| U19        BTA316X-600E
| U20        BTA316X-600E
| U21        BTA316X-600E
#Einde Cmp

#Cmp ( volgorde = Waarde )
| 10nF         C1        
| 10nF         C2        
| 10nF         C3        
| 10nF         C4        
| 10nF         C5        
| 10nF         C6        
| 10nF         C7        
| 10nF         C8        
| 240V/16A     F1        
| 330R         R1        
| 330R         R2        
| 330R         R3        
| 330R         R4        
| 330R         R5        
| 330R         R6        
| 330R         R7        
| 330R         R8        
| 330R         R17       
| 330R         R18       
| 330R         R19       
| 330R         R20       
| 330R         R21       
| 330R         R22       
| 330R         R23       
| 330R         R24       
| 360R         R9        
| 360R         R10       
| 360R         R11       
| 360R         R12       
| 360R         R13       
| 360R         R14       
| 360R         R15       
| 360R         R16       
| 360R         R25       
| 360R         R26       
| 360R         R27       
| 360R         R28       
| 360R         R29       
| 360R         R30       
| 360R         R31       
| 360R         R32       
| 74LS595      U1        
| BTA316X-600E U6        
| BTA316X-600E U7        
| BTA316X-600E U8        
| BTA316X-600E U9        
| BTA316X-600E U18       
| BTA316X-600E U19       
| BTA316X-600E U20       
| BTA316X-600E U21       
| LOAD1        P2        
| LOAD2        P3        
| LOAD3        P4        
| LOAD4        P5        
| LOAD5        P6        
| LOAD6        P7        
| LOAD6        P8        
| LOAD8        P9        
| MAINS        P1        
| MOC3042M     U2        
| MOC3042M     U3        
| MOC3042M     U4        
| MOC3042M     U5        
| MOC3042M     U14       
| MOC3042M     U15       
| MOC3042M     U16       
| MOC3042M     U17       
#Einde Cmp

#Einde Lijst
